<testsuites name="jest tests">
  <testsuite name="counter" tests="1" errors="0" failures="0" skipped="0" timestamp="2017-10-05T16:21:57" time="2.141">
    <testcase classname="counter component renders as expected" name="counter component renders as expected" time="0.031">
    </testcase>
  </testsuite>
</testsuites>